Archive member included because of file (symbol)

c:/program files (x86)/gnu tools arm embedded/4.9 2015q2/bin/../lib/gcc/arm-none-eabi/4.9.3/armv7-m\libgcc.a(unwind-arm.o)
                              ./system/src/newlib/_cxx.o (__aeabi_unwind_cpp_pr1)
c:/program files (x86)/gnu tools arm embedded/4.9 2015q2/bin/../lib/gcc/arm-none-eabi/4.9.3/armv7-m\libgcc.a(libunwind.o)
                              c:/program files (x86)/gnu tools arm embedded/4.9 2015q2/bin/../lib/gcc/arm-none-eabi/4.9.3/armv7-m\libgcc.a(unwind-arm.o) (restore_core_regs)
c:/program files (x86)/gnu tools arm embedded/4.9 2015q2/bin/../lib/gcc/arm-none-eabi/4.9.3/armv7-m\libgcc.a(pr-support.o)
                              c:/program files (x86)/gnu tools arm embedded/4.9 2015q2/bin/../lib/gcc/arm-none-eabi/4.9.3/armv7-m\libgcc.a(unwind-arm.o) (__gnu_unwind_execute)
c:/program files (x86)/gnu tools arm embedded/4.9 2015q2/bin/../lib/gcc/arm-none-eabi/4.9.3/../../../../arm-none-eabi/lib/armv7-m\libg_nano.a(lib_a-errno.o)
                              ./system/src/newlib/_sbrk.o (__errno)
c:/program files (x86)/gnu tools arm embedded/4.9 2015q2/bin/../lib/gcc/arm-none-eabi/4.9.3/../../../../arm-none-eabi/lib/armv7-m\libg_nano.a(lib_a-exit.o)
                              ./src/Cli.o (exit)
c:/program files (x86)/gnu tools arm embedded/4.9 2015q2/bin/../lib/gcc/arm-none-eabi/4.9.3/../../../../arm-none-eabi/lib/armv7-m\libg_nano.a(lib_a-impure.o)
                              c:/program files (x86)/gnu tools arm embedded/4.9 2015q2/bin/../lib/gcc/arm-none-eabi/4.9.3/../../../../arm-none-eabi/lib/armv7-m\libg_nano.a(lib_a-exit.o) (_global_impure_ptr)
c:/program files (x86)/gnu tools arm embedded/4.9 2015q2/bin/../lib/gcc/arm-none-eabi/4.9.3/../../../../arm-none-eabi/lib/armv7-m\libg_nano.a(lib_a-itoa.o)
                              ./src/Packet.o (itoa)
c:/program files (x86)/gnu tools arm embedded/4.9 2015q2/bin/../lib/gcc/arm-none-eabi/4.9.3/../../../../arm-none-eabi/lib/armv7-m\libg_nano.a(lib_a-memcpy.o)
                              c:/program files (x86)/gnu tools arm embedded/4.9 2015q2/bin/../lib/gcc/arm-none-eabi/4.9.3/armv7-m\libgcc.a(unwind-arm.o) (memcpy)
c:/program files (x86)/gnu tools arm embedded/4.9 2015q2/bin/../lib/gcc/arm-none-eabi/4.9.3/../../../../arm-none-eabi/lib/armv7-m\libg_nano.a(lib_a-memset.o)
                              ./system/src/aducm360/DmaLib.o (memset)
c:/program files (x86)/gnu tools arm embedded/4.9 2015q2/bin/../lib/gcc/arm-none-eabi/4.9.3/../../../../arm-none-eabi/lib/armv7-m\libg_nano.a(lib_a-strlen.o)
                              ./system/src/diag/Trace.o (strlen)
c:/program files (x86)/gnu tools arm embedded/4.9 2015q2/bin/../lib/gcc/arm-none-eabi/4.9.3/../../../../arm-none-eabi/lib/armv7-m\libg_nano.a(lib_a-strncmp.o)
                              ./src/Cli.o (strncmp)
c:/program files (x86)/gnu tools arm embedded/4.9 2015q2/bin/../lib/gcc/arm-none-eabi/4.9.3/../../../../arm-none-eabi/lib/armv7-m\libg_nano.a(lib_a-strtol.o)
                              ./src/Cli.o (strtol)
c:/program files (x86)/gnu tools arm embedded/4.9 2015q2/bin/../lib/gcc/arm-none-eabi/4.9.3/../../../../arm-none-eabi/lib/armv7-m\libg_nano.a(lib_a-utoa.o)
                              c:/program files (x86)/gnu tools arm embedded/4.9 2015q2/bin/../lib/gcc/arm-none-eabi/4.9.3/../../../../arm-none-eabi/lib/armv7-m\libg_nano.a(lib_a-itoa.o) (__utoa)
c:/program files (x86)/gnu tools arm embedded/4.9 2015q2/bin/../lib/gcc/arm-none-eabi/4.9.3/../../../../arm-none-eabi/lib/armv7-m\libg_nano.a(lib_a-vsnprintf.o)
                              ./system/src/diag/Trace.o (vsnprintf)
c:/program files (x86)/gnu tools arm embedded/4.9 2015q2/bin/../lib/gcc/arm-none-eabi/4.9.3/../../../../arm-none-eabi/lib/armv7-m\libg_nano.a(lib_a-vsprintf.o)
                              ./src/Cli.o (vsprintf)
c:/program files (x86)/gnu tools arm embedded/4.9 2015q2/bin/../lib/gcc/arm-none-eabi/4.9.3/../../../../arm-none-eabi/lib/armv7-m\libg_nano.a(lib_a-ctype_.o)
                              c:/program files (x86)/gnu tools arm embedded/4.9 2015q2/bin/../lib/gcc/arm-none-eabi/4.9.3/../../../../arm-none-eabi/lib/armv7-m\libg_nano.a(lib_a-strtol.o) (__ctype_ptr__)
c:/program files (x86)/gnu tools arm embedded/4.9 2015q2/bin/../lib/gcc/arm-none-eabi/4.9.3/../../../../arm-none-eabi/lib/armv7-m\libg_nano.a(lib_a-nano-svfprintf.o)
                              c:/program files (x86)/gnu tools arm embedded/4.9 2015q2/bin/../lib/gcc/arm-none-eabi/4.9.3/../../../../arm-none-eabi/lib/armv7-m\libg_nano.a(lib_a-vsnprintf.o) (_svfprintf_r)
c:/program files (x86)/gnu tools arm embedded/4.9 2015q2/bin/../lib/gcc/arm-none-eabi/4.9.3/../../../../arm-none-eabi/lib/armv7-m\libg_nano.a(lib_a-nano-vfprintf_i.o)
                              c:/program files (x86)/gnu tools arm embedded/4.9 2015q2/bin/../lib/gcc/arm-none-eabi/4.9.3/../../../../arm-none-eabi/lib/armv7-m\libg_nano.a(lib_a-nano-svfprintf.o) (_printf_i)
[...]
Memory Configuration

Name             Origin             Length             Attributes
FLASH            0x00000000         0x00020000         xr
RAM              0x20000000         0x00002000         xrw
CCMRAM           0x10000000         0x00000000         xrw
FLASHB1          0x00000000         0x00000000         xr
EXTMEMB0         0x00000000         0x00000000         xr
EXTMEMB1         0x00000000         0x00000000         xr
EXTMEMB2         0x00000000         0x00000000         xr
EXTMEMB3         0x00000000         0x00000000         xr
*default*        0x00000000         0xffffffff

Linker script and memory map

LOAD ./system/src/newlib/_cxx.o
LOAD ./system/src/newlib/_exit.o
LOAD ./system/src/newlib/_sbrk.o
LOAD ./system/src/newlib/_startup.o
LOAD ./system/src/newlib/_syscalls.o
LOAD ./system/src/newlib/assert.o
LOAD ./system/src/diag/Trace.o
LOAD ./system/src/diag/trace_impl.o
LOAD ./system/src/cortexm/_initialize_hardware.o
LOAD ./system/src/cortexm/_reset_hardware.o
LOAD ./system/src/cortexm/exception_handlers.o
LOAD ./system/src/cmsis/system_ADuCM360.o
LOAD ./system/src/cmsis/vectors_ADuCM360.o
LOAD ./system/src/aducm360/AdcLib.o
LOAD ./system/src/aducm360/ClkLib.o
LOAD ./system/src/aducm360/DacLib.o
LOAD ./system/src/aducm360/DioLib.o
LOAD ./system/src/aducm360/DmaLib.o
LOAD ./system/src/aducm360/FeeLib.o
LOAD ./system/src/aducm360/GptLib.o
LOAD ./system/src/aducm360/I2cLib.o
LOAD ./system/src/aducm360/IexcLib.o
LOAD ./system/src/aducm360/IntLib.o
LOAD ./system/src/aducm360/PwmLib.o
LOAD ./system/src/aducm360/PwrLib.o
LOAD ./system/src/aducm360/RstLib.o
LOAD ./system/src/aducm360/SpiLib.o
LOAD ./system/src/aducm360/UrtLib.o
LOAD ./system/src/aducm360/WdtLib.o
LOAD ./system/src/aducm360/WutLib.o
LOAD ./src/Cli.o
LOAD ./src/Communication.o
LOAD ./src/Packet.o
LOAD ./src/Timer.o
LOAD ./src/main.o
LOAD c:/program files (x86)/gnu tools arm embedded/4.9 2015q2/bin/../lib/gcc/arm-none-eabi/4.9.3/../../../../arm-none-eabi/lib/armv7-m\libstdc++_nano.a
LOAD c:/program files (x86)/gnu tools arm embedded/4.9 2015q2/bin/../lib/gcc/arm-none-eabi/4.9.3/../../../../arm-none-eabi/lib/armv7-m\libm.a
START GROUP
LOAD c:/program files (x86)/gnu tools arm embedded/4.9 2015q2/bin/../lib/gcc/arm-none-eabi/4.9.3/armv7-m\libgcc.a
LOAD c:/program files (x86)/gnu tools arm embedded/4.9 2015q2/bin/../lib/gcc/arm-none-eabi/4.9.3/../../../../arm-none-eabi/lib/armv7-m\libg_nano.a
LOAD c:/program files (x86)/gnu tools arm embedded/4.9 2015q2/bin/../lib/gcc/arm-none-eabi/4.9.3/../../../../arm-none-eabi/lib/armv7-m\libc_nano.a
END GROUP
START GROUP
LOAD c:/program files (x86)/gnu tools arm embedded/4.9 2015q2/bin/../lib/gcc/arm-none-eabi/4.9.3/armv7-m\libgcc.a
LOAD c:/program files (x86)/gnu tools arm embedded/4.9 2015q2/bin/../lib/gcc/arm-none-eabi/4.9.3/../../../../arm-none-eabi/lib/armv7-m\libc_nano.a
END GROUP
                0x20002000                __stack = (ORIGIN (RAM) + 0x2000)
                0x20002000                _estack = __stack
                0x00000400                __Main_Stack_Size = 0x400
                0x00000400                PROVIDE (_Main_Stack_Size, __Main_Stack_Size)
                0x20001c00                __Main_Stack_Limit = (__stack - __Main_Stack_Size)
                0x20001c00                PROVIDE (_Main_Stack_Limit, __Main_Stack_Limit)
                0x00000100                _Minimum_Stack_Size = 0x100
                0x20000684                PROVIDE (_Heap_Begin, _end_noinit)
                0x20001c00                PROVIDE (_Heap_Limit, (__stack - __Main_Stack_Size))

.isr_vector     0x00000000      0x328
 FILL mask 0xff
                0x00000000                __vectors_start = ABSOLUTE (.)
                0x00000000                __vectors_start__ = ABSOLUTE (.)
 *(.isr_vector)
 .isr_vector    0x00000000       0xe0 ./system/src/cmsis/vectors_ADuCM360.o
                0x00000000                __isr_vectors
 *(.cfmconfig)
 *(.after_vectors .after_vectors.*)
 .after_vectors
                0x000000e0      0x114 ./system/src/newlib/_startup.o
                0x000000e0                _start
 .after_vectors
                0x000001f4      0x130 ./system/src/cortexm/exception_handlers.o
                0x000001f4                Reset_Handler
                0x000001fc                NMI_Handler
                0x00000200                HardFault_Handler
                0x00000214                HardFault_Handler_C
                0x00000274                MemManage_Handler
                0x00000278                BusFault_Handler
                0x0000028c                BusFault_Handler_C
                0x000002c0                UsageFault_Handler
                0x000002d4                UsageFault_Handler_C
                0x00000308                SVC_Handler
                0x0000030c                DebugMon_Handler
                0x00000310                PendSV_Handler
 .after_vectors
                0x00000324        0x4 ./system/src/cmsis/vectors_ADuCM360.o
                0x00000324                I2C0_Slave_Int_Handler
                0x00000324                DMA_I2C0_SRX_Int_Handler
                0x00000324                DMA_SPI1_RX_Int_Handler
                0x00000324                GP_Tmr0_Int_Handler
                0x00000324                Ext_Int5_Handler
                0x00000324                GP_Tmr1_Int_Handler
                0x00000324                DMA_UART_RX_Int_Handler
                0x00000324                DMA_Err_Int_Handler
                0x00000324                Ext_Int7_Handler
                0x00000324                DMA_ADC1_Int_Handler
                0x00000324                PWM1_Int_Handler
                0x00000324                WDog_Tmr_Int_Handler
                0x00000324                Ext_Int2_Handler
                0x00000324                ADC0_Int_Handler
                0x00000324                DMA_I2C0_STX_Int_Handler
                0x00000324                DMA_I2C0_MTX_Int_Handler
                0x00000324                Default_Handler
                0x00000324                DMA_I2C0_MRX_Int_Handler
                0x00000324                SPI1_Int_Handler
                0x00000324                Ext_Int0_Handler
                0x00000324                DMA_UART_TX_Int_Handler
                0x00000324                I2C0_Master_Int_Handler
                0x00000324                PWM0_Int_Handler
                0x00000324                Ext_Int4_Handler
                0x00000324                SINC2_Int_Handler
                0x00000324                Ext_Int3_Handler
                0x00000324                DMA_SINC2_Int_Handler
                0x00000324                PWMTRIP_Int_Handler
                0x00000324                ADC1_Int_Handler
                0x00000324                DMA_SPI1_TX_Int_Handler
                0x00000324                Ext_Int1_Handler
                0x00000324                DMA_ADC0_Int_Handler
                0x00000324                Ext_Int6_Handler
                0x00000324                SPI0_Int_Handler
                0x00000324                DMA_DAC_Out_Int_Handler
                0x00000324                WakeUp_Int_Handler
                0x00000324                PWM2_Int_Handler
                0x00000324                Flsh_Int_Handler

.inits          0x00000328       0x28
                0x00000328                __data_regions_array_start = .
                0x00000328        0x4 LONG 0x1dd8 LOADADDR (.data)
                0x0000032c        0x4 LONG 0x20000000 ADDR (.data)
                0x00000330        0x4 LONG 0x200000ac (ADDR (.data) + SIZEOF (.data))
                0x00000334        0x4 LONG 0x1dd8 LOADADDR (.data_CCMRAM)
                0x00000338        0x4 LONG 0x10000000 ADDR (.data_CCMRAM)
                0x0000033c        0x4 LONG 0x10000000 (ADDR (.data_CCMRAM) + SIZEOF (.data_CCMRAM))
                0x00000340                __data_regions_array_end = .
                0x00000340                __bss_regions_array_start = .
                0x00000340        0x4 LONG 0x200000ac ADDR (.bss)
                0x00000344        0x4 LONG 0x20000684 (ADDR (.bss) + SIZEOF (.bss))
                0x00000348        0x4 LONG 0x10000000 ADDR (.bss_CCMRAM)
                0x0000034c        0x4 LONG 0x10000000 (ADDR (.bss_CCMRAM) + SIZEOF (.bss_CCMRAM))
                0x00000350                __bss_regions_array_end = .
 *(.init)
 *(.fini)
                0x00000350                . = ALIGN (0x4)
                0x00000350                PROVIDE (__preinit_array_start, .)
 *(.preinit_array_sysinit .preinit_array_sysinit.*)
 *(.preinit_array_platform .preinit_array_platform.*)
 *(.preinit_array .preinit_array.*)
                0x00000350                PROVIDE (__preinit_array_end, .)
                0x00000350                . = ALIGN (0x4)
                0x00000350                PROVIDE (__init_array_start, .)
 *(SORT(.init_array.*))
 *(.init_array)
                0x00000350                PROVIDE (__init_array_end, .)
                0x00000350                . = ALIGN (0x4)
                0x00000350                PROVIDE (__fini_array_start, .)
 *(SORT(.fini_array.*))
 *(.fini_array)
                0x00000350                PROVIDE (__fini_array_end, .)

.flashtext
 *(.flashtext .flashtext.*)

.text           0x00000350     0x1a85
 *(.text .text.*)
 .text._exit    0x00000350        0x4 ./system/src/newlib/_exit.o
                0x00000350                _exit
 .text._sbrk    0x00000354       0x44 ./system/src/newlib/_sbrk.o
                0x00000354                _sbrk
 .text.__initialize_args
                0x00000398       0x10 ./system/src/newlib/_syscalls.o
                0x00000398                __initialize_args
 .text.trace_printf
                0x000003a8       0x34 ./system/src/diag/Trace.o
                0x000003a8                trace_printf
 .text._trace_write_semihosting_debug
                0x000003dc       0x64 ./system/src/diag/trace_impl.o
 .text.trace_write
                0x00000440        0x8 ./system/src/diag/trace_impl.o
                0x00000440                trace_write
 .text.__initialize_hardware_early
                0x00000448       0x18 ./system/src/cortexm/_initialize_hardware.o
                0x00000448                __initialize_hardware_early
 .text.__initialize_hardware
                0x00000460        0x8 ./system/src/cortexm/_initialize_hardware.o
                0x00000460                __initialize_hardware
 .text.dumpExceptionStack
                0x00000468       0xf0 ./system/src/cortexm/exception_handlers.o
                0x00000468                dumpExceptionStack
 .text.isSemihosting
                0x00000558       0x20 ./system/src/cortexm/exception_handlers.o
                0x00000558                isSemihosting
 .text.SystemCoreClockUpdate
                0x00000578       0x78 ./system/src/cmsis/system_ADuCM360.o
                0x00000578                SystemCoreClockUpdate
 .text.SystemInit
                0x000005f0       0x20 ./system/src/cmsis/system_ADuCM360.o
                0x000005f0                SystemInit
 .text.DioCfg   0x00000610        0x8 ./system/src/aducm360/DioLib.o
                0x00000610                DioCfg
 .text.UrtCfg   0x00000618       0x94 ./system/src/aducm360/UrtLib.o
                0x00000618                UrtCfg
 .text.UrtTx    0x000006ac       0x14 ./system/src/aducm360/UrtLib.o
                0x000006ac                UrtTx
 .text.UrtRx    0x000006c0        0x4 ./system/src/aducm360/UrtLib.o
                0x000006c0                UrtRx
 .text.UrtMod   0x000006c4        0xc ./system/src/aducm360/UrtLib.o
                0x000006c4                UrtMod
 .text.UrtIntCfg
                0x000006d0        0x8 ./system/src/aducm360/UrtLib.o
                0x000006d0                UrtIntCfg
 .text.UrtIntSta
                0x000006d8        0x4 ./system/src/aducm360/UrtLib.o
                0x000006d8                UrtIntSta
 .text.Cli_CmdVersion
                0x000006dc       0x24 ./src/Cli.o
                0x000006dc                Cli_CmdVersion
 .text.Cli_CmdHelp
                0x00000700       0x44 ./src/Cli.o
                0x00000700                Cli_CmdHelp
 .text.Cli_PrintPacket
                0x00000744       0x44 ./src/Cli.o
                0x00000744                Cli_PrintPacket
 .text.Cli_CmdReset
                0x00000788        0x8 ./src/Cli.o
                0x00000788                Cli_CmdReset
 .text.Cli_FindNextArgv
                0x00000790       0x20 ./src/Cli.o
                0x00000790                Cli_FindNextArgv
 .text.Cli_IsSeparator
                0x000007b0       0x1c ./src/Cli.o
                0x000007b0                Cli_IsSeparator
 .text.Cli_GetArgv
                0x000007cc       0x24 ./src/Cli.o
                0x000007cc                Cli_GetArgv
 .text.Cli_Prompt
                0x000007f0       0x70 ./src/Cli.o
                0x000007f0                Cli_Prompt
 .text.Cli_FindCommandFunction
                0x00000860       0x38 ./src/Cli.o
                0x00000860                Cli_FindCommandFunction
 .text.Cli_Process
                0x00000898       0x74 ./src/Cli.o
                0x00000898                Cli_Process
 .text.Cli_Printf
                0x0000090c       0x24 ./src/Cli.o
                0x0000090c                Cli_Printf
 .text.Cli_CmdDump
                0x00000930       0xd0 ./src/Cli.o
                0x00000930                Cli_CmdDump
 .text.Cli_Int_Handler
                0x00000a00      0x118 ./src/Cli.o
                0x00000a00                Cli_Int_Handler
 .text.UART_Init
                0x00000b18       0x48 ./src/Communication.o
                0x00000b18                UART_Init
 .text.UART_WriteChar
                0x00000b60       0x8c ./src/Communication.o
                0x00000b60                UART_WriteChar
 .text.UART_WriteString
                0x00000bec       0x20 ./src/Communication.o
                0x00000bec                UART_WriteString
 .text.UART_ReadChar
                0x00000c0c       0x14 ./src/Communication.o
                0x00000c0c                UART_ReadChar
 .text.printPacket
                0x00000c20       0xc8 ./src/Packet.o
                0x00000c20                printPacket
 .text.generatePreamble
                0x00000ce8        0x8 ./src/Packet.o
                0x00000ce8                generatePreamble
 .text.writeID  0x00000cf0        0x4 ./src/Packet.o
                0x00000cf0                writeID
 .text.setDataType
                0x00000cf4        0x8 ./src/Packet.o
                0x00000cf4                setDataType
 .text.writeData
                0x00000cfc        0x4 ./src/Packet.o
                0x00000cfc                writeData
 .text.generateECC
                0x00000d00        0x8 ./src/Packet.o
                0x00000d00                generateECC
 .text.formatPacket
                0x00000d08       0x2c ./src/Packet.o
                0x00000d08                formatPacket
 .text.createPacket
                0x00000d34       0x38 ./src/Packet.o
                0x00000d34                createPacket
 .text.sendPacket
                0x00000d6c       0x1c ./src/Packet.o
                0x00000d6c                sendPacket
 .text.timer_start
                0x00000d88       0x3c ./src/Timer.o
                0x00000d88                timer_start
 .text.timer_tick
                0x00000dc4       0x14 ./src/Timer.o
                0x00000dc4                timer_tick
 .text.SysTick_Handler
                0x00000dd8        0x8 ./src/Timer.o
                0x00000dd8                SysTick_Handler
 .text.UART_Int_Handler
                0x00000de0        0x8 ./src/main.o
                0x00000de0                UART_Int_Handler
 .text.main     0x00000de8       0x34 ./src/main.o
                0x00000de8                main
 .text.__errno  0x00000e1c        0xc c:/program files (x86)/gnu tools arm embedded/4.9 2015q2/bin/../lib/gcc/arm-none-eabi/4.9.3/../../../../arm-none-eabi/lib/armv7-m\libg_nano.a(lib_a-errno.o)
                0x00000e1c                __errno
 .text.exit     0x00000e28       0x28 c:/program files (x86)/gnu tools arm embedded/4.9 2015q2/bin/../lib/gcc/arm-none-eabi/4.9.3/../../../../arm-none-eabi/lib/armv7-m\libg_nano.a(lib_a-exit.o)
                0x00000e28                exit
 .text.__itoa   0x00000e50       0x2e c:/program files (x86)/gnu tools arm embedded/4.9 2015q2/bin/../lib/gcc/arm-none-eabi/4.9.3/../../../../arm-none-eabi/lib/armv7-m\libg_nano.a(lib_a-itoa.o)
                0x00000e50                __itoa
 .text.itoa     0x00000e7e        0x4 c:/program files (x86)/gnu tools arm embedded/4.9 2015q2/bin/../lib/gcc/arm-none-eabi/4.9.3/../../../../arm-none-eabi/lib/armv7-m\libg_nano.a(lib_a-itoa.o)
                0x00000e7e                itoa
 .text.memcpy   0x00000e82       0x16 c:/program files (x86)/gnu tools arm embedded/4.9 2015q2/bin/../lib/gcc/arm-none-eabi/4.9.3/../../../../arm-none-eabi/lib/armv7-m\libg_nano.a(lib_a-memcpy.o)
                0x00000e82                memcpy
 .text.strlen   0x00000e98       0x10 c:/program files (x86)/gnu tools arm embedded/4.9 2015q2/bin/../lib/gcc/arm-none-eabi/4.9.3/../../../../arm-none-eabi/lib/armv7-m\libg_nano.a(lib_a-strlen.o)
                0x00000e98                strlen
 .text.strncmp  0x00000ea8       0x32 c:/program files (x86)/gnu tools arm embedded/4.9 2015q2/bin/../lib/gcc/arm-none-eabi/4.9.3/../../../../arm-none-eabi/lib/armv7-m\libg_nano.a(lib_a-strncmp.o)
                0x00000ea8                strncmp
 *fill*         0x00000eda        0x2 
 .text._strtol_r
                0x00000edc      0x10c c:/program files (x86)/gnu tools arm embedded/4.9 2015q2/bin/../lib/gcc/arm-none-eabi/4.9.3/../../../../arm-none-eabi/lib/armv7-m\libg_nano.a(lib_a-strtol.o)
                0x00000edc                _strtol_r
 .text.strtol   0x00000fe8       0x1c c:/program files (x86)/gnu tools arm embedded/4.9 2015q2/bin/../lib/gcc/arm-none-eabi/4.9.3/../../../../arm-none-eabi/lib/armv7-m\libg_nano.a(lib_a-strtol.o)
                0x00000fe8                strtol
 .text.__utoa   0x00001004       0x78 c:/program files (x86)/gnu tools arm embedded/4.9 2015q2/bin/../lib/gcc/arm-none-eabi/4.9.3/../../../../arm-none-eabi/lib/armv7-m\libg_nano.a(lib_a-utoa.o)
                0x00001004                __utoa
 .text._vsnprintf_r
                0x0000107c       0x52 c:/program files (x86)/gnu tools arm embedded/4.9 2015q2/bin/../lib/gcc/arm-none-eabi/4.9.3/../../../../arm-none-eabi/lib/armv7-m\libg_nano.a(lib_a-vsnprintf.o)
                0x0000107c                _vsniprintf_r
                0x0000107c                _vsnprintf_r
 *fill*         0x000010ce        0x2 
 .text.vsnprintf
                0x000010d0       0x20 c:/program files (x86)/gnu tools arm embedded/4.9 2015q2/bin/../lib/gcc/arm-none-eabi/4.9.3/../../../../arm-none-eabi/lib/armv7-m\libg_nano.a(lib_a-vsnprintf.o)
                0x000010d0                vsniprintf
                0x000010d0                vsnprintf
 .text._vsprintf_r
                0x000010f0       0x30 c:/program files (x86)/gnu tools arm embedded/4.9 2015q2/bin/../lib/gcc/arm-none-eabi/4.9.3/../../../../arm-none-eabi/lib/armv7-m\libg_nano.a(lib_a-vsprintf.o)
                0x000010f0                _vsprintf_r
                0x000010f0                _vsiprintf_r
 .text.vsprintf
                0x00001120       0x1c c:/program files (x86)/gnu tools arm embedded/4.9 2015q2/bin/../lib/gcc/arm-none-eabi/4.9.3/../../../../arm-none-eabi/lib/armv7-m\libg_nano.a(lib_a-vsprintf.o)
                0x00001120                vsiprintf
                0x00001120                vsprintf
 .text.__ssputs_r
                0x0000113c       0xb2 c:/program files (x86)/gnu tools arm embedded/4.9 2015q2/bin/../lib/gcc/arm-none-eabi/4.9.3/../../../../arm-none-eabi/lib/armv7-m\libg_nano.a(lib_a-nano-svfprintf.o)
                0x0000113c                __ssputs_r
 *fill*         0x000011ee        0x2 
 .text._svfprintf_r
                0x000011f0      0x1e4 c:/program files (x86)/gnu tools arm embedded/4.9 2015q2/bin/../lib/gcc/arm-none-eabi/4.9.3/../../../../arm-none-eabi/lib/armv7-m\libg_nano.a(lib_a-nano-svfprintf.o)
                0x000011f0                _svfiprintf_r
                0x000011f0                _svfprintf_r
 .text._printf_common
                0x000013d4       0xea c:/program files (x86)/gnu tools arm embedded/4.9 2015q2/bin/../lib/gcc/arm-none-eabi/4.9.3/../../../../arm-none-eabi/lib/armv7-m\libg_nano.a(lib_a-nano-vfprintf_i.o)
                0x000013d4                _printf_common
 *fill*         0x000014be        0x2 
 .text._printf_i
                0x000014c0      0x240 c:/program files (x86)/gnu tools arm embedded/4.9 2015q2/bin/../lib/gcc/arm-none-eabi/4.9.3/../../../../arm-none-eabi/lib/armv7-m\libg_nano.a(lib_a-nano-vfprintf_i.o)
                0x000014c0                _printf_i
 .text.memchr   0x00001700       0x1c c:/program files (x86)/gnu tools arm embedded/4.9 2015q2/bin/../lib/gcc/arm-none-eabi/4.9.3/../../../../arm-none-eabi/lib/armv7-m\libg_nano.a(lib_a-memchr.o)
                0x00001700                memchr
 .text.memmove  0x0000171c       0x36 c:/program files (x86)/gnu tools arm embedded/4.9 2015q2/bin/../lib/gcc/arm-none-eabi/4.9.3/../../../../arm-none-eabi/lib/armv7-m\libg_nano.a(lib_a-memmove.o)
                0x0000171c                memmove
 *fill*         0x00001752        0x2 
 .text._free_r  0x00001754       0x88 c:/program files (x86)/gnu tools arm embedded/4.9 2015q2/bin/../lib/gcc/arm-none-eabi/4.9.3/../../../../arm-none-eabi/lib/armv7-m\libg_nano.a(lib_a-nano-freer.o)
                0x00001754                _free_r
 .text._malloc_r
                0x000017dc       0xac c:/program files (x86)/gnu tools arm embedded/4.9 2015q2/bin/../lib/gcc/arm-none-eabi/4.9.3/../../../../arm-none-eabi/lib/armv7-m\libg_nano.a(lib_a-nano-mallocr.o)
                0x000017dc                _malloc_r
 .text._realloc_r
                0x00001888       0x4c c:/program files (x86)/gnu tools arm embedded/4.9 2015q2/bin/../lib/gcc/arm-none-eabi/4.9.3/../../../../arm-none-eabi/lib/armv7-m\libg_nano.a(lib_a-nano-reallocr.o)
                0x00001888                _realloc_r
 .text._sbrk_r  0x000018d4       0x20 c:/program files (x86)/gnu tools arm embedded/4.9 2015q2/bin/../lib/gcc/arm-none-eabi/4.9.3/../../../../arm-none-eabi/lib/armv7-m\libg_nano.a(lib_a-sbrkr.o)
                0x000018d4                _sbrk_r
 .text._malloc_usable_size_r
                0x000018f4       0x14 c:/program files (x86)/gnu tools arm embedded/4.9 2015q2/bin/../lib/gcc/arm-none-eabi/4.9.3/../../../../arm-none-eabi/lib/armv7-m\libg_nano.a(lib_a-nano-msizer.o)
                0x000018f4                _malloc_usable_size_r
 *(.rodata .rodata.* .constdata .constdata.*)
 .rodata.str1.4
                0x00001908      0x146 ./system/src/cortexm/exception_handlers.o
 *fill*         0x00001a4e        0x2 
 .rodata.str1.4
                0x00001a50      0x1da ./src/Cli.o
                                0x1e5 (size before relaxing)
 *fill*         0x00001c2a        0x2 
 .rodata.str1.4
                0x00001c2c       0x40 ./src/Packet.o
                                 0x44 (size before relaxing)
 .rodata.str1.4
                0x00001c6c        0x8 ./src/main.o
                                  0x7 (size before relaxing)
 .rodata.str1.1
                0x00001c74        0x2 c:/program files (x86)/gnu tools arm embedded/4.9 2015q2/bin/../lib/gcc/arm-none-eabi/4.9.3/../../../../arm-none-eabi/lib/armv7-m\libg_nano.a(lib_a-impure.o)
 *fill*         0x00001c76        0x2 
 .rodata._global_impure_ptr
                0x00001c78        0x4 c:/program files (x86)/gnu tools arm embedded/4.9 2015q2/bin/../lib/gcc/arm-none-eabi/4.9.3/../../../../arm-none-eabi/lib/armv7-m\libg_nano.a(lib_a-impure.o)
                0x00001c78                _global_impure_ptr
 .rodata.str1.1
                0x00001c7c       0x25 c:/program files (x86)/gnu tools arm embedded/4.9 2015q2/bin/../lib/gcc/arm-none-eabi/4.9.3/../../../../arm-none-eabi/lib/armv7-m\libg_nano.a(lib_a-utoa.o)
 .rodata._ctype_
                0x00001ca1      0x101 c:/program files (x86)/gnu tools arm embedded/4.9 2015q2/bin/../lib/gcc/arm-none-eabi/4.9.3/../../../../arm-none-eabi/lib/armv7-m\libg_nano.a(lib_a-ctype_.o)
                0x00001ca1                _ctype_
 .rodata.str1.1
                0x00001da2       0x11 c:/program files (x86)/gnu tools arm embedded/4.9 2015q2/bin/../lib/gcc/arm-none-eabi/4.9.3/../../../../arm-none-eabi/lib/armv7-m\libg_nano.a(lib_a-nano-svfprintf.o)
 .rodata.str1.1
                0x00001db3       0x22 c:/program files (x86)/gnu tools arm embedded/4.9 2015q2/bin/../lib/gcc/arm-none-eabi/4.9.3/../../../../arm-none-eabi/lib/armv7-m\libg_nano.a(lib_a-nano-vfprintf_i.o)
 *(vtable)
 *(.eh_frame*)
 *(.glue_7)
 .glue_7        0x00000000        0x0 linker stubs
 *(.glue_7t)
 .glue_7t       0x00000000        0x0 linker stubs

.vfp11_veneer   0x00001dd8        0x0
 .vfp11_veneer  0x00000000        0x0 linker stubs

.v4_bx          0x00001dd8        0x0
 .v4_bx         0x00000000        0x0 linker stubs

.iplt           0x00001dd8        0x0
 .iplt          0x00000000        0x0 ./system/src/newlib/_cxx.o

.rel.dyn        0x00001dd8        0x0
 .rel.iplt      0x00000000        0x0 ./system/src/newlib/_cxx.o

.ARM.extab
 *(.ARM.extab* .gnu.linkonce.armextab.*)
                0x00001dd8                . = ALIGN (0x4)
                0x00001dd8                __exidx_start = .

.ARM.exidx
 *(.ARM.exidx* .gnu.linkonce.armexidx.*)
                0x00001dd8                __exidx_end = .
                0x00001dd8                . = ALIGN (0x4)
                0x00001dd8                _etext = .
                0x00001dd8                __etext = .

.data_CCMRAM    0x10000000        0x0 load address 0x00001dd8
 FILL mask 0xff
 *(.data.CCMRAM .data.CCMRAM.*)
                0x10000000                . = ALIGN (0x4)
                0x00001dd8                _sidata = LOADADDR (.data)

.data           0x20000000       0xac load address 0x00001dd8
 FILL mask 0xff
                0x20000000                _sdata = .
                0x20000000                __data_start__ = .
 *(.data_begin .data_begin.*)
 .data_begin    0x20000000        0x4 ./system/src/newlib/_startup.o
 *(.data .data.*)
 .data.argv.4158
                0x20000004        0x8 ./system/src/newlib/_syscalls.o
 .data.urtMonCmdFun
                0x2000000c       0x18 ./src/Cli.o
                0x2000000c                urtMonCmdFun
 .data.kwnUrtMonCmd
                0x20000024       0x18 ./src/Cli.o
                0x20000024                kwnUrtMonCmd
 .data.count.6786
                0x2000003c        0x4 ./src/Cli.o
 .data.impure_data
                0x20000040       0x60 c:/program files (x86)/gnu tools arm embedded/4.9 2015q2/bin/../lib/gcc/arm-none-eabi/4.9.3/../../../../arm-none-eabi/lib/armv7-m\libg_nano.a(lib_a-impure.o)
 .data._impure_ptr
                0x200000a0        0x4 c:/program files (x86)/gnu tools arm embedded/4.9 2015q2/bin/../lib/gcc/arm-none-eabi/4.9.3/../../../../arm-none-eabi/lib/armv7-m\libg_nano.a(lib_a-impure.o)
                0x200000a0                _impure_ptr
 .data.__ctype_ptr__
                0x200000a4        0x4 c:/program files (x86)/gnu tools arm embedded/4.9 2015q2/bin/../lib/gcc/arm-none-eabi/4.9.3/../../../../arm-none-eabi/lib/armv7-m\libg_nano.a(lib_a-ctype_.o)
                0x200000a4                __ctype_ptr__
 *(.data_end .data_end.*)
 .data_end      0x200000a8        0x4 ./system/src/newlib/_startup.o
                0x200000ac                . = ALIGN (0x4)
                0x200000ac                _edata = .
                0x200000ac                __data_end__ = .

.igot.plt       0x200000ac        0x0 load address 0x00001e84
 .igot.plt      0x00000000        0x0 ./system/src/newlib/_cxx.o

.bss_CCMRAM     0x10000000        0x0
 *(.bss.CCMRAM .bss.CCMRAM.*)

.bss            0x200000ac      0x5d8
                0x200000ac                __bss_start__ = .
                0x200000ac                _sbss = .
 *(.bss_begin .bss_begin.*)
 .bss_begin     0x200000ac        0x4 ./system/src/newlib/_startup.o
 *(.bss .bss.*)
 .bss.current_heap_end.3862
                0x200000b0        0x4 ./system/src/newlib/_sbrk.o
 .bss.name.4157
                0x200000b4        0x1 ./system/src/newlib/_syscalls.o
 *fill*         0x200000b5        0x3 
 .bss.buf.4998  0x200000b8       0x80 ./system/src/diag/Trace.o
 .bss.begaddr.6785
                0x20000138        0x4 ./src/Cli.o
 .bss.count.6823
                0x2000013c        0x4 ./src/Cli.o
 .bss.ix.6787   0x20000140        0x4 ./src/Cli.o
 .bss.__malloc_sbrk_start
                0x20000144        0x4 c:/program files (x86)/gnu tools arm embedded/4.9 2015q2/bin/../lib/gcc/arm-none-eabi/4.9.3/../../../../arm-none-eabi/lib/armv7-m\libg_nano.a(lib_a-nano-mallocr.o)
                0x20000144                __malloc_sbrk_start
 .bss.__malloc_free_list
                0x20000148        0x4 c:/program files (x86)/gnu tools arm embedded/4.9 2015q2/bin/../lib/gcc/arm-none-eabi/4.9.3/../../../../arm-none-eabi/lib/armv7-m\libg_nano.a(lib_a-nano-mallocr.o)
                0x20000148                __malloc_free_list
 *(COMMON)
 COMMON         0x2000014c        0x4 ./system/src/newlib/_syscalls.o
                0x2000014c                errno
 COMMON         0x20000150        0xc ./system/src/cmsis/system_ADuCM360.o
                0x20000150                SystemCoreClock
                0x20000154                uClk
                0x20000158                SystemExtClock
 COMMON         0x2000015c      0x520 ./src/Communication.o
                0x2000015c                uart_tx_buffer
                0x2000055c                uart_rpos
                0x20000560                uart_tpos
                0x20000564                uart_tcnt
                0x20000568                uart_ctrlc
                0x2000056c                uart_tbusy
                0x20000570                uart_rcnt
                0x20000574                uart_cmd
                0x20000578                uart_echo
                0x2000057c                uart_rx_buffer
 COMMON         0x2000067c        0x4 ./src/Timer.o
                0x2000067c                timer_delayCount
 *(.bss_end .bss_end.*)
 .bss_end       0x20000680        0x4 ./system/src/newlib/_startup.o
                0x20000684                . = ALIGN (0x4)
                0x20000684                __bss_end__ = .
                0x20000684                _ebss = .

.noinit_CCMRAM
 *(.noinit.CCMRAM .noinit.CCMRAM.*)

.noinit         0x20000684        0x0
                0x20000684                _noinit = .
 *(.noinit .noinit.*)
                0x20000684                . = ALIGN (0x4)
                0x20000684                _end_noinit = .
                0x20000684                PROVIDE (end, _end_noinit)
                0x20000684                PROVIDE (_end, _end_noinit)
                0x20000684                PROVIDE (__end, _end_noinit)
                0x20000684                PROVIDE (__end__, _end_noinit)

._check_stack   0x20000684      0x100
                0x20000784                . = (. + _Minimum_Stack_Size)
 *fill*         0x20000684      0x100 

.b1text
 *(.b1text)
 *(.b1rodata)
 *(.b1rodata.*)

.eb0text
 *(.eb0text)
 *(.eb0rodata)
 *(.eb0rodata.*)

.eb1text
 *(.eb1text)
 *(.eb1rodata)
 *(.eb1rodata.*)

.eb2text
 *(.eb2text)
 *(.eb2rodata)
 *(.eb2rodata.*)

.eb3text
 *(.eb3text)
 *(.eb3rodata)
 *(.eb3rodata.*)

.stab
 *(.stab)

.stabstr
 *(.stabstr)

.stab.excl
 *(.stab.excl)

.stab.exclstr
 *(.stab.exclstr)

.stab.index
 *(.stab.index)

.stab.indexstr
 *(.stab.indexstr)

.comment        0x00000000       0x70
 *(.comment)
 .comment       0x00000000       0x70 ./system/src/newlib/_exit.o
                                 0x71 (size before relaxing)
 .comment       0x00000000       0x71 ./system/src/newlib/_sbrk.o
 .comment       0x00000000       0x71 ./system/src/newlib/_startup.o
 .comment       0x00000000       0x71 ./system/src/newlib/_syscalls.o
 .comment       0x00000000       0x71 ./system/src/diag/Trace.o
 .comment       0x00000000       0x71 ./system/src/diag/trace_impl.o
 .comment       0x00000000       0x71 ./system/src/cortexm/_initialize_hardware.o
 .comment       0x00000000       0x71 ./system/src/cortexm/exception_handlers.o
 .comment       0x00000000       0x71 ./system/src/cmsis/system_ADuCM360.o
 .comment       0x00000000       0x71 ./system/src/cmsis/vectors_ADuCM360.o
 .comment       0x00000000       0x71 ./system/src/aducm360/DioLib.o
 .comment       0x00000000       0x71 ./system/src/aducm360/UrtLib.o
 .comment       0x00000000       0x71 ./src/Cli.o
 .comment       0x00000000       0x71 ./src/Communication.o
 .comment       0x00000000       0x71 ./src/Packet.o
 .comment       0x00000000       0x71 ./src/Timer.o
 .comment       0x00000000       0x71 ./src/main.o

.ARM.attributes
                0x00000000       0x33
 .ARM.attributes
                0x00000000       0x33 ./system/src/newlib/_exit.o
 .ARM.attributes
                0x00000033       0x33 ./system/src/newlib/_sbrk.o
 .ARM.attributes
                0x00000066       0x33 ./system/src/newlib/_startup.o
 .ARM.attributes
                0x00000099       0x33 ./system/src/newlib/_syscalls.o
 .ARM.attributes
                0x000000cc       0x33 ./system/src/diag/Trace.o
 .ARM.attributes
                0x000000ff       0x33 ./system/src/diag/trace_impl.o
 .ARM.attributes
                0x00000132       0x33 ./system/src/cortexm/_initialize_hardware.o
 .ARM.attributes
                0x00000165       0x33 ./system/src/cortexm/exception_handlers.o
 .ARM.attributes
                0x00000198       0x33 ./system/src/cmsis/system_ADuCM360.o
 .ARM.attributes
                0x000001cb       0x33 ./system/src/cmsis/vectors_ADuCM360.o
 .ARM.attributes
                0x000001fe       0x33 ./system/src/aducm360/DioLib.o
 .ARM.attributes
                0x00000231       0x33 ./system/src/aducm360/UrtLib.o
 .ARM.attributes
                0x00000264       0x33 ./src/Cli.o
 .ARM.attributes
                0x00000297       0x33 ./src/Communication.o
 .ARM.attributes
                0x000002ca       0x33 ./src/Packet.o
 .ARM.attributes
                0x000002fd       0x33 ./src/Timer.o
 .ARM.attributes
                0x00000330       0x33 ./src/main.o
 .ARM.attributes
                0x00000363       0x2d c:/program files (x86)/gnu tools arm embedded/4.9 2015q2/bin/../lib/gcc/arm-none-eabi/4.9.3/../../../../arm-none-eabi/lib/armv7-m\libg_nano.a(lib_a-errno.o)
 .ARM.attributes
                0x00000390       0x2d c:/program files (x86)/gnu tools arm embedded/4.9 2015q2/bin/../lib/gcc/arm-none-eabi/4.9.3/../../../../arm-none-eabi/lib/armv7-m\libg_nano.a(lib_a-exit.o)
 .ARM.attributes
                0x000003bd       0x2d c:/program files (x86)/gnu tools arm embedded/4.9 2015q2/bin/../lib/gcc/arm-none-eabi/4.9.3/../../../../arm-none-eabi/lib/armv7-m\libg_nano.a(lib_a-impure.o)
 .ARM.attributes
                0x000003ea       0x2d c:/program files (x86)/gnu tools arm embedded/4.9 2015q2/bin/../lib/gcc/arm-none-eabi/4.9.3/../../../../arm-none-eabi/lib/armv7-m\libg_nano.a(lib_a-itoa.o)
 .ARM.attributes
                0x00000417       0x2d c:/program files (x86)/gnu tools arm embedded/4.9 2015q2/bin/../lib/gcc/arm-none-eabi/4.9.3/../../../../arm-none-eabi/lib/armv7-m\libg_nano.a(lib_a-memcpy.o)
 .ARM.attributes
                0x00000444       0x2d c:/program files (x86)/gnu tools arm embedded/4.9 2015q2/bin/../lib/gcc/arm-none-eabi/4.9.3/../../../../arm-none-eabi/lib/armv7-m\libg_nano.a(lib_a-strlen.o)
 .ARM.attributes
                0x00000471       0x2d c:/program files (x86)/gnu tools arm embedded/4.9 2015q2/bin/../lib/gcc/arm-none-eabi/4.9.3/../../../../arm-none-eabi/lib/armv7-m\libg_nano.a(lib_a-strncmp.o)
 .ARM.attributes
                0x0000049e       0x2d c:/program files (x86)/gnu tools arm embedded/4.9 2015q2/bin/../lib/gcc/arm-none-eabi/4.9.3/../../../../arm-none-eabi/lib/armv7-m\libg_nano.a(lib_a-strtol.o)
 .ARM.attributes
                0x000004cb       0x2d c:/program files (x86)/gnu tools arm embedded/4.9 2015q2/bin/../lib/gcc/arm-none-eabi/4.9.3/../../../../arm-none-eabi/lib/armv7-m\libg_nano.a(lib_a-utoa.o)
 .ARM.attributes
                0x000004f8       0x2d c:/program files (x86)/gnu tools arm embedded/4.9 2015q2/bin/../lib/gcc/arm-none-eabi/4.9.3/../../../../arm-none-eabi/lib/armv7-m\libg_nano.a(lib_a-vsnprintf.o)
 .ARM.attributes
                0x00000525       0x2d c:/program files (x86)/gnu tools arm embedded/4.9 2015q2/bin/../lib/gcc/arm-none-eabi/4.9.3/../../../../arm-none-eabi/lib/armv7-m\libg_nano.a(lib_a-vsprintf.o)
 .ARM.attributes
                0x00000552       0x2d c:/program files (x86)/gnu tools arm embedded/4.9 2015q2/bin/../lib/gcc/arm-none-eabi/4.9.3/../../../../arm-none-eabi/lib/armv7-m\libg_nano.a(lib_a-ctype_.o)
 .ARM.attributes
                0x0000057f       0x2d c:/program files (x86)/gnu tools arm embedded/4.9 2015q2/bin/../lib/gcc/arm-none-eabi/4.9.3/../../../../arm-none-eabi/lib/armv7-m\libg_nano.a(lib_a-nano-svfprintf.o)
 .ARM.attributes
                0x000005ac       0x2d c:/program files (x86)/gnu tools arm embedded/4.9 2015q2/bin/../lib/gcc/arm-none-eabi/4.9.3/../../../../arm-none-eabi/lib/armv7-m\libg_nano.a(lib_a-nano-vfprintf_i.o)
 .ARM.attributes
                0x000005d9       0x2d c:/program files (x86)/gnu tools arm embedded/4.9 2015q2/bin/../lib/gcc/arm-none-eabi/4.9.3/../../../../arm-none-eabi/lib/armv7-m\libg_nano.a(lib_a-memchr.o)
 .ARM.attributes
                0x00000606       0x2d c:/program files (x86)/gnu tools arm embedded/4.9 2015q2/bin/../lib/gcc/arm-none-eabi/4.9.3/../../../../arm-none-eabi/lib/armv7-m\libg_nano.a(lib_a-memmove.o)
 .ARM.attributes
                0x00000633       0x2d c:/program files (x86)/gnu tools arm embedded/4.9 2015q2/bin/../lib/gcc/arm-none-eabi/4.9.3/../../../../arm-none-eabi/lib/armv7-m\libg_nano.a(lib_a-nano-freer.o)
 .ARM.attributes
                0x00000660       0x2d c:/program files (x86)/gnu tools arm embedded/4.9 2015q2/bin/../lib/gcc/arm-none-eabi/4.9.3/../../../../arm-none-eabi/lib/armv7-m\libg_nano.a(lib_a-nano-mallocr.o)
 .ARM.attributes
                0x0000068d       0x2d c:/program files (x86)/gnu tools arm embedded/4.9 2015q2/bin/../lib/gcc/arm-none-eabi/4.9.3/../../../../arm-none-eabi/lib/armv7-m\libg_nano.a(lib_a-nano-reallocr.o)
 .ARM.attributes
                0x000006ba       0x2d c:/program files (x86)/gnu tools arm embedded/4.9 2015q2/bin/../lib/gcc/arm-none-eabi/4.9.3/../../../../arm-none-eabi/lib/armv7-m\libg_nano.a(lib_a-sbrkr.o)
 .ARM.attributes
                0x000006e7       0x2d c:/program files (x86)/gnu tools arm embedded/4.9 2015q2/bin/../lib/gcc/arm-none-eabi/4.9.3/../../../../arm-none-eabi/lib/armv7-m\libg_nano.a(lib_a-nano-msizer.o)

.debug
 *(.debug)

.line
 *(.line)

.debug_srcinfo
 *(.debug_srcinfo)

.debug_sfnames
 *(.debug_sfnames)

.debug_aranges  0x00000000      0x4a8
 *(.debug_aranges)
 .debug_aranges
                0x00000000       0x28 ./system/src/newlib/_exit.o
 .debug_aranges
                0x00000028       0x20 ./system/src/newlib/_sbrk.o
 .debug_aranges
                0x00000048       0x40 ./system/src/newlib/_startup.o
 .debug_aranges
                0x00000088       0x30 ./system/src/newlib/_syscalls.o
 .debug_aranges
                0x000000b8       0x38 ./system/src/diag/Trace.o
 .debug_aranges
                0x000000f0       0x30 ./system/src/diag/trace_impl.o
 .debug_aranges
                0x00000120       0x28 ./system/src/cortexm/_initialize_hardware.o
 .debug_aranges
                0x00000148       0x90 ./system/src/cortexm/exception_handlers.o
 .debug_aranges
                0x000001d8       0x38 ./system/src/cmsis/system_ADuCM360.o
 .debug_aranges
                0x00000210       0x20 ./system/src/cmsis/vectors_ADuCM360.o
 .debug_aranges
                0x00000230       0x98 ./system/src/aducm360/DioLib.o
 .debug_aranges
                0x000002c8       0x68 ./system/src/aducm360/UrtLib.o
 .debug_aranges
                0x00000330       0x80 ./src/Cli.o
 .debug_aranges
                0x000003b0       0x38 ./src/Communication.o
 .debug_aranges
                0x000003e8       0x60 ./src/Packet.o
 .debug_aranges
                0x00000448       0x38 ./src/Timer.o
 .debug_aranges
                0x00000480       0x28 ./src/main.o

.debug_pubnames
 *(.debug_pubnames)

.debug_info     0x00000000     0x4f76
 *(.debug_info .gnu.linkonce.wi.*)
 .debug_info    0x00000000      0x100 ./system/src/newlib/_exit.o
 .debug_info    0x00000100      0x125 ./system/src/newlib/_sbrk.o
 .debug_info    0x00000225      0x474 ./system/src/newlib/_startup.o
 .debug_info    0x00000699      0x1bc ./system/src/newlib/_syscalls.o
 .debug_info    0x00000855      0x32b ./system/src/diag/Trace.o
 .debug_info    0x00000b80      0x304 ./system/src/diag/trace_impl.o
 .debug_info    0x00000e84      0x294 ./system/src/cortexm/_initialize_hardware.o
 .debug_info    0x00001118      0x8d8 ./system/src/cortexm/exception_handlers.o
 .debug_info    0x000019f0      0x2f5 ./system/src/cmsis/system_ADuCM360.o
 .debug_info    0x00001ce5       0xd0 ./system/src/cmsis/vectors_ADuCM360.o
 .debug_info    0x00001db5      0x64c ./system/src/aducm360/DioLib.o
 .debug_info    0x00002401      0x5bd ./system/src/aducm360/UrtLib.o
 .debug_info    0x000029be      0xced ./src/Cli.o
 .debug_info    0x000036ab      0xa1d ./src/Communication.o
 .debug_info    0x000040c8      0x615 ./src/Packet.o
 .debug_info    0x000046dd      0x607 ./src/Timer.o
 .debug_info    0x00004ce4      0x292 ./src/main.o

.debug_abbrev   0x00000000     0x18bc
 *(.debug_abbrev)
 .debug_abbrev  0x00000000       0xa4 ./system/src/newlib/_exit.o
 .debug_abbrev  0x000000a4       0xbb ./system/src/newlib/_sbrk.o
 .debug_abbrev  0x0000015f      0x1e9 ./system/src/newlib/_startup.o
 .debug_abbrev  0x00000348       0xee ./system/src/newlib/_syscalls.o
 .debug_abbrev  0x00000436      0x178 ./system/src/diag/Trace.o
 .debug_abbrev  0x000005ae      0x1bd ./system/src/diag/trace_impl.o
 .debug_abbrev  0x0000076b       0xea ./system/src/cortexm/_initialize_hardware.o
 .debug_abbrev  0x00000855      0x23e ./system/src/cortexm/exception_handlers.o
 .debug_abbrev  0x00000a93      0x127 ./system/src/cmsis/system_ADuCM360.o
 .debug_abbrev  0x00000bba       0x9d ./system/src/cmsis/vectors_ADuCM360.o
 .debug_abbrev  0x00000c57      0x12f ./system/src/aducm360/DioLib.o
 .debug_abbrev  0x00000d86      0x195 ./system/src/aducm360/UrtLib.o
 .debug_abbrev  0x00000f1b      0x2fd ./src/Cli.o
 .debug_abbrev  0x00001218      0x203 ./src/Communication.o
 .debug_abbrev  0x0000141b      0x19c ./src/Packet.o
 .debug_abbrev  0x000015b7      0x1b3 ./src/Timer.o
 .debug_abbrev  0x0000176a      0x152 ./src/main.o

.debug_line     0x00000000     0x31df
 *(.debug_line)
 .debug_line    0x00000000      0x2ce ./system/src/newlib/_exit.o
 .debug_line    0x000002ce      0x271 ./system/src/newlib/_sbrk.o
 .debug_line    0x0000053f      0x32f ./system/src/newlib/_startup.o
 .debug_line    0x0000086e      0x3aa ./system/src/newlib/_syscalls.o
 .debug_line    0x00000c18      0x329 ./system/src/diag/Trace.o
 .debug_line    0x00000f41      0x3b2 ./system/src/diag/trace_impl.o
 .debug_line    0x000012f3      0x175 ./system/src/cortexm/_initialize_hardware.o
 .debug_line    0x00001468      0x46c ./system/src/cortexm/exception_handlers.o
 .debug_line    0x000018d4      0x18a ./system/src/cmsis/system_ADuCM360.o
 .debug_line    0x00001a5e      0x106 ./system/src/cmsis/vectors_ADuCM360.o
 .debug_line    0x00001b64      0x292 ./system/src/aducm360/DioLib.o
 .debug_line    0x00001df6      0x242 ./system/src/aducm360/UrtLib.o
 .debug_line    0x00002038      0x56e ./src/Cli.o
 .debug_line    0x000025a6      0x1f7 ./src/Communication.o
 .debug_line    0x0000279d      0x421 ./src/Packet.o
 .debug_line    0x00002bbe      0x206 ./src/Timer.o
 .debug_line    0x00002dc4      0x41b ./src/main.o

.debug_frame    0x00000000      0xdcc
 *(.debug_frame)
 .debug_frame   0x00000000       0x38 ./system/src/newlib/_exit.o
 .debug_frame   0x00000038       0x28 ./system/src/newlib/_sbrk.o
 .debug_frame   0x00000060       0x7c ./system/src/newlib/_startup.o
 .debug_frame   0x000000dc       0x50 ./system/src/newlib/_syscalls.o
 .debug_frame   0x0000012c       0x94 ./system/src/diag/Trace.o
 .debug_frame   0x000001c0       0x60 ./system/src/diag/trace_impl.o
 .debug_frame   0x00000220       0x40 ./system/src/cortexm/_initialize_hardware.o
 .debug_frame   0x00000260      0x158 ./system/src/cortexm/exception_handlers.o
 .debug_frame   0x000003b8       0x58 ./system/src/cmsis/system_ADuCM360.o
 .debug_frame   0x00000410       0x20 ./system/src/cmsis/vectors_ADuCM360.o
 .debug_frame   0x00000430      0x140 ./system/src/aducm360/DioLib.o
 .debug_frame   0x00000570       0xc4 ./system/src/aducm360/UrtLib.o
 .debug_frame   0x00000634      0x17c ./src/Cli.o
 .debug_frame   0x000007b0       0x78 ./src/Communication.o
 .debug_frame   0x00000828       0xcc ./src/Packet.o
 .debug_frame   0x000008f4       0x58 ./src/Timer.o
 .debug_frame   0x0000094c       0x40 ./src/main.o
 .debug_frame   0x0000098c       0x20 c:/program files (x86)/gnu tools arm embedded/4.9 2015q2/bin/../lib/gcc/arm-none-eabi/4.9.3/../../../../arm-none-eabi/lib/armv7-m\libg_nano.a(lib_a-errno.o)
 .debug_frame   0x000009ac       0x28 c:/program files (x86)/gnu tools arm embedded/4.9 2015q2/bin/../lib/gcc/arm-none-eabi/4.9.3/../../../../arm-none-eabi/lib/armv7-m\libg_nano.a(lib_a-exit.o)
 .debug_frame   0x000009d4       0x38 c:/program files (x86)/gnu tools arm embedded/4.9 2015q2/bin/../lib/gcc/arm-none-eabi/4.9.3/../../../../arm-none-eabi/lib/armv7-m\libg_nano.a(lib_a-itoa.o)
 .debug_frame   0x00000a0c       0x28 c:/program files (x86)/gnu tools arm embedded/4.9 2015q2/bin/../lib/gcc/arm-none-eabi/4.9.3/../../../../arm-none-eabi/lib/armv7-m\libg_nano.a(lib_a-memcpy.o)
 .debug_frame   0x00000a34       0x20 c:/program files (x86)/gnu tools arm embedded/4.9 2015q2/bin/../lib/gcc/arm-none-eabi/4.9.3/../../../../arm-none-eabi/lib/armv7-m\libg_nano.a(lib_a-strlen.o)
 .debug_frame   0x00000a54       0x2c c:/program files (x86)/gnu tools arm embedded/4.9 2015q2/bin/../lib/gcc/arm-none-eabi/4.9.3/../../../../arm-none-eabi/lib/armv7-m\libg_nano.a(lib_a-strncmp.o)
 .debug_frame   0x00000a80       0x54 c:/program files (x86)/gnu tools arm embedded/4.9 2015q2/bin/../lib/gcc/arm-none-eabi/4.9.3/../../../../arm-none-eabi/lib/armv7-m\libg_nano.a(lib_a-strtol.o)
 .debug_frame   0x00000ad4       0x44 c:/program files (x86)/gnu tools arm embedded/4.9 2015q2/bin/../lib/gcc/arm-none-eabi/4.9.3/../../../../arm-none-eabi/lib/armv7-m\libg_nano.a(lib_a-utoa.o)
 .debug_frame   0x00000b18       0x50 c:/program files (x86)/gnu tools arm embedded/4.9 2015q2/bin/../lib/gcc/arm-none-eabi/4.9.3/../../../../arm-none-eabi/lib/armv7-m\libg_nano.a(lib_a-vsnprintf.o)
 .debug_frame   0x00000b68       0x50 c:/program files (x86)/gnu tools arm embedded/4.9 2015q2/bin/../lib/gcc/arm-none-eabi/4.9.3/../../../../arm-none-eabi/lib/armv7-m\libg_nano.a(lib_a-vsprintf.o)
 .debug_frame   0x00000bb8       0x8c c:/program files (x86)/gnu tools arm embedded/4.9 2015q2/bin/../lib/gcc/arm-none-eabi/4.9.3/../../../../arm-none-eabi/lib/armv7-m\libg_nano.a(lib_a-nano-svfprintf.o)
 .debug_frame   0x00000c44       0x58 c:/program files (x86)/gnu tools arm embedded/4.9 2015q2/bin/../lib/gcc/arm-none-eabi/4.9.3/../../../../arm-none-eabi/lib/armv7-m\libg_nano.a(lib_a-nano-vfprintf_i.o)
 .debug_frame   0x00000c9c       0x28 c:/program files (x86)/gnu tools arm embedded/4.9 2015q2/bin/../lib/gcc/arm-none-eabi/4.9.3/../../../../arm-none-eabi/lib/armv7-m\libg_nano.a(lib_a-memchr.o)
 .debug_frame   0x00000cc4       0x28 c:/program files (x86)/gnu tools arm embedded/4.9 2015q2/bin/../lib/gcc/arm-none-eabi/4.9.3/../../../../arm-none-eabi/lib/armv7-m\libg_nano.a(lib_a-memmove.o)
 .debug_frame   0x00000cec       0x2c c:/program files (x86)/gnu tools arm embedded/4.9 2015q2/bin/../lib/gcc/arm-none-eabi/4.9.3/../../../../arm-none-eabi/lib/armv7-m\libg_nano.a(lib_a-nano-freer.o)
 .debug_frame   0x00000d18       0x2c c:/program files (x86)/gnu tools arm embedded/4.9 2015q2/bin/../lib/gcc/arm-none-eabi/4.9.3/../../../../arm-none-eabi/lib/armv7-m\libg_nano.a(lib_a-nano-mallocr.o)
 .debug_frame   0x00000d44       0x3c c:/program files (x86)/gnu tools arm embedded/4.9 2015q2/bin/../lib/gcc/arm-none-eabi/4.9.3/../../../../arm-none-eabi/lib/armv7-m\libg_nano.a(lib_a-nano-reallocr.o)
 .debug_frame   0x00000d80       0x2c c:/program files (x86)/gnu tools arm embedded/4.9 2015q2/bin/../lib/gcc/arm-none-eabi/4.9.3/../../../../arm-none-eabi/lib/armv7-m\libg_nano.a(lib_a-sbrkr.o)
 .debug_frame   0x00000dac       0x20 c:/program files (x86)/gnu tools arm embedded/4.9 2015q2/bin/../lib/gcc/arm-none-eabi/4.9.3/../../../../arm-none-eabi/lib/armv7-m\libg_nano.a(lib_a-nano-msizer.o)

.debug_str      0x00000000    0x3c308
 *(.debug_str)
 .debug_str     0x00000000     0x5c7e ./system/src/newlib/_exit.o
                               0x5df0 (size before relaxing)
 .debug_str     0x00005c7e      0x4de ./system/src/newlib/_sbrk.o
                               0x4562 (size before relaxing)
 .debug_str     0x0000615c      0xbc5 ./system/src/newlib/_startup.o
                               0x413a (size before relaxing)
 .debug_str     0x00006d21     0x1181 ./system/src/newlib/_syscalls.o
                               0x6569 (size before relaxing)
 .debug_str     0x00007ea2      0x9c9 ./system/src/diag/Trace.o
                               0x6711 (size before relaxing)
 .debug_str     0x0000886b    0x3194c ./system/src/diag/trace_impl.o
                              0x37469 (size before relaxing)
 .debug_str     0x0003a1b7       0xbc ./system/src/cortexm/_initialize_hardware.o
                              0x3464b (size before relaxing)
 .debug_str     0x0003a273      0x1a8 ./system/src/cortexm/exception_handlers.o
                              0x38207 (size before relaxing)
 .debug_str     0x0003a41b      0x125 ./system/src/cmsis/system_ADuCM360.o
                              0x346af (size before relaxing)
 .debug_str     0x0003a540       0x56 ./system/src/cmsis/vectors_ADuCM360.o
                               0x2ff3 (size before relaxing)
 .debug_str     0x0003a596      0x1a6 ./system/src/aducm360/DioLib.o
                              0x34722 (size before relaxing)
 .debug_str     0x0003a73c      0x504 ./system/src/aducm360/UrtLib.o
                              0x34b00 (size before relaxing)
 .debug_str     0x0003ac40     0x1252 ./src/Cli.o
                              0x38dd8 (size before relaxing)
 .debug_str     0x0003be92      0x30c ./src/Communication.o
                              0x34cad (size before relaxing)
 .debug_str     0x0003c19e       0x84 ./src/Packet.o
                              0x37a95 (size before relaxing)
 .debug_str     0x0003c222       0x9d ./src/Timer.o
                              0x34ac7 (size before relaxing)
 .debug_str     0x0003c2bf       0x49 ./src/main.o
                              0x389be (size before relaxing)

.debug_loc      0x00000000     0x17ed
 *(.debug_loc)
 .debug_loc     0x00000000       0x82 ./system/src/newlib/_sbrk.o
 .debug_loc     0x00000082      0x265 ./system/src/newlib/_startup.o
 .debug_loc     0x000002e7       0x63 ./system/src/newlib/_syscalls.o
 .debug_loc     0x0000034a       0xf7 ./system/src/diag/Trace.o
 .debug_loc     0x00000441      0x17c ./system/src/diag/trace_impl.o
 .debug_loc     0x000005bd      0x2a8 ./system/src/cortexm/exception_handlers.o
 .debug_loc     0x00000865       0x13 ./system/src/cmsis/system_ADuCM360.o
 .debug_loc     0x00000878      0x567 ./system/src/aducm360/DioLib.o
 .debug_loc     0x00000ddf      0x31d ./system/src/aducm360/UrtLib.o
 .debug_loc     0x000010fc      0x3ad ./src/Cli.o
 .debug_loc     0x000014a9      0x1a5 ./src/Communication.o
 .debug_loc     0x0000164e      0x104 ./src/Packet.o
 .debug_loc     0x00001752       0x59 ./src/Timer.o
 .debug_loc     0x000017ab       0x42 ./src/main.o

.debug_macinfo
 *(.debug_macinfo)

.debug_weaknames
 *(.debug_weaknames)

.debug_funcnames
 *(.debug_funcnames)

.debug_typenames
 *(.debug_typenames)

.debug_varnames
 *(.debug_varnames)
OUTPUT(Beehive.elf elf32-littlearm)

.debug_ranges   0x00000000      0x3e0
 .debug_ranges  0x00000000       0x18 ./system/src/newlib/_exit.o
 .debug_ranges  0x00000018       0x10 ./system/src/newlib/_sbrk.o
 .debug_ranges  0x00000028       0x48 ./system/src/newlib/_startup.o
 .debug_ranges  0x00000070       0x20 ./system/src/newlib/_syscalls.o
 .debug_ranges  0x00000090       0x28 ./system/src/diag/Trace.o
 .debug_ranges  0x000000b8       0x38 ./system/src/diag/trace_impl.o
 .debug_ranges  0x000000f0       0x18 ./system/src/cortexm/_initialize_hardware.o
 .debug_ranges  0x00000108       0x98 ./system/src/cortexm/exception_handlers.o
 .debug_ranges  0x000001a0       0x28 ./system/src/cmsis/system_ADuCM360.o
 .debug_ranges  0x000001c8       0x10 ./system/src/cmsis/vectors_ADuCM360.o
 .debug_ranges  0x000001d8       0x88 ./system/src/aducm360/DioLib.o
 .debug_ranges  0x00000260       0x58 ./system/src/aducm360/UrtLib.o
 .debug_ranges  0x000002b8       0x70 ./src/Cli.o
 .debug_ranges  0x00000328       0x28 ./src/Communication.o
 .debug_ranges  0x00000350       0x50 ./src/Packet.o
 .debug_ranges  0x000003a0       0x28 ./src/Timer.o
 .debug_ranges  0x000003c8       0x18 ./src/main.o

.debug_macro    0x00000000     0xe1f2
 .debug_macro   0x00000000      0x131 ./system/src/newlib/_exit.o
 .debug_macro   0x00000131      0x874 ./system/src/newlib/_exit.o
 .debug_macro   0x000009a5       0x9c ./system/src/newlib/_exit.o
 .debug_macro   0x00000a41      0x10e ./system/src/newlib/_exit.o
 .debug_macro   0x00000b4f       0x86 ./system/src/newlib/_exit.o
 .debug_macro   0x00000bd5       0x43 ./system/src/newlib/_exit.o
 .debug_macro   0x00000c18      0x27a ./system/src/newlib/_exit.o
 .debug_macro   0x00000e92       0x35 ./system/src/newlib/_exit.o
 .debug_macro   0x00000ec7       0xda ./system/src/newlib/_sbrk.o
 .debug_macro   0x00000fa1       0x19 ./system/src/newlib/_sbrk.o
 .debug_macro   0x00000fba      0x16d ./system/src/newlib/_sbrk.o
 .debug_macro   0x00001127       0x10 ./system/src/newlib/_sbrk.o
 .debug_macro   0x00001137      0x23b ./system/src/newlib/_sbrk.o
 .debug_macro   0x00001372       0xe4 ./system/src/newlib/_startup.o
 .debug_macro   0x00001456      0x34e ./system/src/newlib/_startup.o
 .debug_macro   0x000017a4      0x1ad ./system/src/newlib/_syscalls.o
 .debug_macro   0x00001951       0x1c ./system/src/newlib/_syscalls.o
 .debug_macro   0x0000196d       0x10 ./system/src/newlib/_syscalls.o
 .debug_macro   0x0000197d       0x10 ./system/src/newlib/_syscalls.o
 .debug_macro   0x0000198d       0x10 ./system/src/newlib/_syscalls.o
 .debug_macro   0x0000199d       0x10 ./system/src/newlib/_syscalls.o
 .debug_macro   0x000019ad       0x35 ./system/src/newlib/_syscalls.o
 .debug_macro   0x000019e2      0x122 ./system/src/newlib/_syscalls.o
 .debug_macro   0x00001b04       0x2e ./system/src/newlib/_syscalls.o
 .debug_macro   0x00001b32       0x82 ./system/src/newlib/_syscalls.o
 .debug_macro   0x00001bb4       0x2b ./system/src/newlib/_syscalls.o
 .debug_macro   0x00001bdf      0x118 ./system/src/newlib/_syscalls.o
 .debug_macro   0x00001cf7      0x13e ./system/src/newlib/_syscalls.o
 .debug_macro   0x00001e35       0x16 ./system/src/newlib/_syscalls.o
 .debug_macro   0x00001e4b      0x15e ./system/src/diag/Trace.o
 .debug_macro   0x00001fa9       0x16 ./system/src/diag/Trace.o
 .debug_macro   0x00001fbf       0x97 ./system/src/diag/Trace.o
 .debug_macro   0x00002056       0xf6 ./system/src/diag/Trace.o
 .debug_macro   0x0000214c       0x10 ./system/src/diag/Trace.o
 .debug_macro   0x0000215c       0x16 ./system/src/diag/Trace.o
 .debug_macro   0x00002172      0x197 ./system/src/diag/Trace.o
 .debug_macro   0x00002309       0x52 ./system/src/diag/Trace.o
 .debug_macro   0x0000235b       0x16 ./system/src/diag/Trace.o
 .debug_macro   0x00002371      0x16c ./system/src/diag/trace_impl.o
 .debug_macro   0x000024dd       0x28 ./system/src/diag/trace_impl.o
 .debug_macro   0x00002505       0x35 ./system/src/diag/trace_impl.o
 .debug_macro   0x0000253a       0x34 ./system/src/diag/trace_impl.o
 .debug_macro   0x0000256e      0xb8e ./system/src/diag/trace_impl.o
 .debug_macro   0x000030fc     0x9f1a ./system/src/diag/trace_impl.o
 .debug_macro   0x0000d016       0x10 ./system/src/diag/trace_impl.o
 .debug_macro   0x0000d026       0xc8 ./system/src/diag/trace_impl.o
 .debug_macro   0x0000d0ee       0xbe ./system/src/diag/trace_impl.o
 .debug_macro   0x0000d1ac       0x22 ./system/src/diag/trace_impl.o
 .debug_macro   0x0000d1ce       0x79 ./system/src/cortexm/_initialize_hardware.o
 .debug_macro   0x0000d247      0x1a2 ./system/src/cortexm/exception_handlers.o
 .debug_macro   0x0000d3e9       0x3b ./system/src/cortexm/exception_handlers.o
 .debug_macro   0x0000d424       0x10 ./system/src/cortexm/exception_handlers.o
 .debug_macro   0x0000d434       0x7b ./system/src/cmsis/system_ADuCM360.o
 .debug_macro   0x0000d4af       0x34 ./system/src/cmsis/vectors_ADuCM360.o
 .debug_macro   0x0000d4e3       0x7e ./system/src/aducm360/DioLib.o
 .debug_macro   0x0000d561       0x34 ./system/src/aducm360/DioLib.o
 .debug_macro   0x0000d595       0x87 ./system/src/aducm360/UrtLib.o
 .debug_macro   0x0000d61c       0x46 ./system/src/aducm360/UrtLib.o
 .debug_macro   0x0000d662      0x239 ./src/Cli.o
 .debug_macro   0x0000d89b       0xa6 ./src/Cli.o
 .debug_macro   0x0000d941       0x1c ./src/Cli.o
 .debug_macro   0x0000d95d      0x1e1 ./src/Cli.o
 .debug_macro   0x0000db3e       0x3a ./src/Cli.o
 .debug_macro   0x0000db78       0x40 ./src/Cli.o
 .debug_macro   0x0000dbb8       0x4c ./src/Cli.o
 .debug_macro   0x0000dc04       0x64 ./src/Cli.o
 .debug_macro   0x0000dc68       0x96 ./src/Communication.o
 .debug_macro   0x0000dcfe       0x5e ./src/Communication.o
 .debug_macro   0x0000dd5c      0x1a0 ./src/Packet.o
 .debug_macro   0x0000defc       0xae ./src/Timer.o
 .debug_macro   0x0000dfaa       0x10 ./src/Timer.o
 .debug_macro   0x0000dfba      0x238 ./src/main.o
